# probe-rail-check, verbatim serial capture (M5StickC Plus @ /dev/ttyUSB0, 115200)
# Earth Unit plugged into the Grove port, electrodes corroded open, left in the soil.
# Extended rise sweep (RISE_OFFSETS_MS out to 4000 ms). ESP-IDF log prefixes kept.

I (372) probe_rail_check: probe-rail-check: does AXP192 EXTEN gate the Grove 5 V rail? (qhw.31)
I (392) probe_rail_check: baseline: raw=4095 exten=true reg_0x12=0x5F
I (392) probe_rail_check: ── cycle 1/3 ─────────────────────────────
I (402) probe_rail_check:   exten<-off: read back exten=false reg_0x12=0x1F
I (412) probe_rail_check:   rail=off t=+   0ms raw=4095
I (422) probe_rail_check:   rail=off t=+  10ms raw=4095
I (462) probe_rail_check:   rail=off t=+  50ms raw=2011
I (512) probe_rail_check:   rail=off t=+ 100ms raw=897
I (662) probe_rail_check:   rail=off t=+ 250ms raw=296
I (912) probe_rail_check:   rail=off t=+ 500ms raw=0
I (1412) probe_rail_check:   rail=off t=+1000ms raw=0
I (2412) probe_rail_check:   rail=off t=+2000ms raw=0
I (2412) probe_rail_check:   exten<-on: read back exten=true reg_0x12=0x5F
I (2412) probe_rail_check:   rail=on  t=+   0ms raw=3982
I (2432) probe_rail_check:   rail=on  t=+   1ms raw=3218
I (2442) probe_rail_check:   rail=on  t=+   2ms raw=3232
I (2452) probe_rail_check:   rail=on  t=+   5ms raw=3243
I (2462) probe_rail_check:   rail=on  t=+  10ms raw=3252
I (2472) probe_rail_check:   rail=on  t=+  20ms raw=3261
I (2502) probe_rail_check:   rail=on  t=+  50ms raw=3279
I (2552) probe_rail_check:   rail=on  t=+ 100ms raw=3305
I (2652) probe_rail_check:   rail=on  t=+ 200ms raw=3336
I (2952) probe_rail_check:   rail=on  t=+ 500ms raw=3463
I (3202) probe_rail_check:   rail=on  t=+ 750ms raw=3626
I (3452) probe_rail_check:   rail=on  t=+1000ms raw=3729
I (3952) probe_rail_check:   rail=on  t=+1500ms raw=3870
I (4452) probe_rail_check:   rail=on  t=+2000ms raw=3969
I (5452) probe_rail_check:   rail=on  t=+3000ms raw=4095
I (6452) probe_rail_check:   rail=on  t=+4000ms raw=4095
I (6452) probe_rail_check: ── cycle 2/3 ─────────────────────────────
I (6462) probe_rail_check:   exten<-off: read back exten=false reg_0x12=0x1F
I (6472) probe_rail_check:   rail=off t=+   0ms raw=4095
I (6482) probe_rail_check:   rail=off t=+  10ms raw=4067
I (6522) probe_rail_check:   rail=off t=+  50ms raw=1759
I (6572) probe_rail_check:   rail=off t=+ 100ms raw=824
I (6722) probe_rail_check:   rail=off t=+ 250ms raw=278
I (6972) probe_rail_check:   rail=off t=+ 500ms raw=13
I (7472) probe_rail_check:   rail=off t=+1000ms raw=0
I (8472) probe_rail_check:   rail=off t=+2000ms raw=0
I (8472) probe_rail_check:   exten<-on: read back exten=true reg_0x12=0x5F
I (8472) probe_rail_check:   rail=on  t=+   0ms raw=3869
I (8492) probe_rail_check:   rail=on  t=+   1ms raw=3169
I (8502) probe_rail_check:   rail=on  t=+   2ms raw=3185
I (8512) probe_rail_check:   rail=on  t=+   5ms raw=3201
I (8522) probe_rail_check:   rail=on  t=+  10ms raw=3217
I (8532) probe_rail_check:   rail=on  t=+  20ms raw=3239
I (8562) probe_rail_check:   rail=on  t=+  50ms raw=3314
I (8612) probe_rail_check:   rail=on  t=+ 100ms raw=3460
I (8712) probe_rail_check:   rail=on  t=+ 200ms raw=3677
I (9012) probe_rail_check:   rail=on  t=+ 500ms raw=3987
I (9262) probe_rail_check:   rail=on  t=+ 750ms raw=4083
I (9512) probe_rail_check:   rail=on  t=+1000ms raw=4095
I (10012) probe_rail_check:   rail=on  t=+1500ms raw=4095
I (10512) probe_rail_check:   rail=on  t=+2000ms raw=4095
I (11512) probe_rail_check:   rail=on  t=+3000ms raw=4095
I (12512) probe_rail_check:   rail=on  t=+4000ms raw=4095
I (12512) probe_rail_check: ── cycle 3/3 ─────────────────────────────
I (12522) probe_rail_check:   exten<-off: read back exten=false reg_0x12=0x1F
I (12532) probe_rail_check:   rail=off t=+   0ms raw=4095
I (12542) probe_rail_check:   rail=off t=+  10ms raw=4092
I (12582) probe_rail_check:   rail=off t=+  50ms raw=1794
I (12632) probe_rail_check:   rail=off t=+ 100ms raw=846
I (12782) probe_rail_check:   rail=off t=+ 250ms raw=282
I (13032) probe_rail_check:   rail=off t=+ 500ms raw=4
I (13532) probe_rail_check:   rail=off t=+1000ms raw=0
I (14532) probe_rail_check:   rail=off t=+2000ms raw=0
I (14532) probe_rail_check:   exten<-on: read back exten=true reg_0x12=0x5F
I (14532) probe_rail_check:   rail=on  t=+   0ms raw=3883
I (14552) probe_rail_check:   rail=on  t=+   1ms raw=3171
I (14562) probe_rail_check:   rail=on  t=+   2ms raw=3191
I (14572) probe_rail_check:   rail=on  t=+   5ms raw=3215
I (14582) probe_rail_check:   rail=on  t=+  10ms raw=3244
I (14592) probe_rail_check:   rail=on  t=+  20ms raw=3273
I (14622) probe_rail_check:   rail=on  t=+  50ms raw=3387
I (14672) probe_rail_check:   rail=on  t=+ 100ms raw=3620
I (14772) probe_rail_check:   rail=on  t=+ 200ms raw=3874
I (15072) probe_rail_check:   rail=on  t=+ 500ms raw=4095
I (15322) probe_rail_check:   rail=on  t=+ 750ms raw=4095
I (15572) probe_rail_check:   rail=on  t=+1000ms raw=4095
I (16072) probe_rail_check:   rail=on  t=+1500ms raw=4095
I (16572) probe_rail_check:   rail=on  t=+2000ms raw=4095
I (17572) probe_rail_check:   rail=on  t=+3000ms raw=4095
I (18572) probe_rail_check:   rail=on  t=+4000ms raw=4095
I (18572) probe_rail_check: done — EXTEN restored. Rail gates iff raw collapsed with exten=false above.
